// Jest Snapshot v1, https://goo.gl/fbAQLP

exports[`<Footer/> should match the snapshot 1`] = `
Object {
  "asFragment": [Function],
  "baseElement": <body>
    <div>
      <footer
        class="container"
      >
        <button
          class="scrollTop"
          data-testid="scrollUpButton"
          type="button"
        >
          <i
            class="ri-arrow-up-line icon"
          />
        </button>
        <p
          class="common paragraph copyright"
        >
          Copyright © 
          2020
           
          Aitor Alonso
        </p>
        <ul
          class="container socialMediaLinks"
        >
          <li>
            <a
              data-testid="github-link"
              href="https://github.com/tairosonloa"
              rel="noopener noreferrer"
              target="_blank"
            >
              <i
                class="ri-github-fill icon"
                data-testid="github"
              />
              <span
                class="hiddenTextForAccessibility"
              >
                github
              </span>
            </a>
          </li>
          <li>
            <a
              data-testid="linkedin-link"
              href="https://www.linkedin.com/in/aitoralonsonunez/"
              rel="noopener noreferrer"
              target="_blank"
            >
              <i
                class="ri-linkedin-box-fill icon"
                data-testid="linkedin"
              />
              <span
                class="hiddenTextForAccessibility"
              >
                linkedin
              </span>
            </a>
          </li>
          <li>
            <a
              data-testid="twitter-link"
              href="https://twitter.com/tairosonloa"
              rel="noopener noreferrer"
              target="_blank"
            >
              <i
                class="ri-twitter-fill icon"
                data-testid="twitter"
              />
              <span
                class="hiddenTextForAccessibility"
              >
                twitter
              </span>
            </a>
          </li>
          <li>
            <a
              data-testid="email-link"
              href="mailto:aitor@aalonso.dev"
              rel="noopener noreferrer"
              target="_blank"
            >
              <i
                class="ri-mail-fill icon"
                data-testid="email"
              />
              <span
                class="hiddenTextForAccessibility"
              >
                email
              </span>
            </a>
          </li>
        </ul>
        <div>
          <a
            class="link"
            href="/privacy-policy"
          >
            Privacy & Cookies
          </a>
        </div>
      </footer>
    </div>
  </body>,
  "container": <div>
    <footer
      class="container"
    >
      <button
        class="scrollTop"
        data-testid="scrollUpButton"
        type="button"
      >
        <i
          class="ri-arrow-up-line icon"
        />
      </button>
      <p
        class="common paragraph copyright"
      >
        Copyright © 
        2020
         
        Aitor Alonso
      </p>
      <ul
        class="container socialMediaLinks"
      >
        <li>
          <a
            data-testid="github-link"
            href="https://github.com/tairosonloa"
            rel="noopener noreferrer"
            target="_blank"
          >
            <i
              class="ri-github-fill icon"
              data-testid="github"
            />
            <span
              class="hiddenTextForAccessibility"
            >
              github
            </span>
          </a>
        </li>
        <li>
          <a
            data-testid="linkedin-link"
            href="https://www.linkedin.com/in/aitoralonsonunez/"
            rel="noopener noreferrer"
            target="_blank"
          >
            <i
              class="ri-linkedin-box-fill icon"
              data-testid="linkedin"
            />
            <span
              class="hiddenTextForAccessibility"
            >
              linkedin
            </span>
          </a>
        </li>
        <li>
          <a
            data-testid="twitter-link"
            href="https://twitter.com/tairosonloa"
            rel="noopener noreferrer"
            target="_blank"
          >
            <i
              class="ri-twitter-fill icon"
              data-testid="twitter"
            />
            <span
              class="hiddenTextForAccessibility"
            >
              twitter
            </span>
          </a>
        </li>
        <li>
          <a
            data-testid="email-link"
            href="mailto:aitor@aalonso.dev"
            rel="noopener noreferrer"
            target="_blank"
          >
            <i
              class="ri-mail-fill icon"
              data-testid="email"
            />
            <span
              class="hiddenTextForAccessibility"
            >
              email
            </span>
          </a>
        </li>
      </ul>
      <div>
        <a
          class="link"
          href="/privacy-policy"
        >
          Privacy & Cookies
        </a>
      </div>
    </footer>
  </div>,
  "debug": [Function],
  "findAllByAltText": [Function],
  "findAllByDisplayValue": [Function],
  "findAllByLabelText": [Function],
  "findAllByPlaceholderText": [Function],
  "findAllByRole": [Function],
  "findAllByTestId": [Function],
  "findAllByText": [Function],
  "findAllByTitle": [Function],
  "findByAltText": [Function],
  "findByDisplayValue": [Function],
  "findByLabelText": [Function],
  "findByPlaceholderText": [Function],
  "findByRole": [Function],
  "findByTestId": [Function],
  "findByText": [Function],
  "findByTitle": [Function],
  "getAllByAltText": [Function],
  "getAllByDisplayValue": [Function],
  "getAllByLabelText": [Function],
  "getAllByPlaceholderText": [Function],
  "getAllByRole": [Function],
  "getAllByTestId": [Function],
  "getAllByText": [Function],
  "getAllByTitle": [Function],
  "getByAltText": [Function],
  "getByDisplayValue": [Function],
  "getByLabelText": [Function],
  "getByPlaceholderText": [Function],
  "getByRole": [Function],
  "getByTestId": [Function],
  "getByText": [Function],
  "getByTitle": [Function],
  "queryAllByAltText": [Function],
  "queryAllByDisplayValue": [Function],
  "queryAllByLabelText": [Function],
  "queryAllByPlaceholderText": [Function],
  "queryAllByRole": [Function],
  "queryAllByTestId": [Function],
  "queryAllByText": [Function],
  "queryAllByTitle": [Function],
  "queryByAltText": [Function],
  "queryByDisplayValue": [Function],
  "queryByLabelText": [Function],
  "queryByPlaceholderText": [Function],
  "queryByRole": [Function],
  "queryByTestId": [Function],
  "queryByText": [Function],
  "queryByTitle": [Function],
  "rerender": [Function],
  "unmount": [Function],
}
`;
