// Jest Snapshot v1, https://goo.gl/fbAQLP

exports[`<Header/> should match the snapshot 1`] = `
Object {
  "asFragment": [Function],
  "baseElement": <body
    style="overflow: unset;"
  >
    <div>
      <header
        class="container"
      >
        <div
          class="contentContainer"
        >
          <div
            class="titleContainer"
          />
          <div
            class="container menu"
          >
            <button
              aria-label="Menu"
              class="button"
              type="button"
            >
              <i
                class="ri-menu-line icon buttonIcon activeIcon"
              />
              <i
                class="ri-close-line icon buttonIcon closeIcon"
              />
            </button>
            <nav
              class="links"
            >
              <a
                data-testid="About me"
                href="#bio"
              >
                <h2
                  class="common titleSmall"
                >
                  About me
                </h2>
              </a>
              <a
                data-testid="Skills"
                href="#skills"
              >
                <h2
                  class="common titleSmall"
                >
                  Skills
                </h2>
              </a>
              <a
                data-testid="Career"
                href="#career"
              >
                <h2
                  class="common titleSmall"
                >
                  Career
                </h2>
              </a>
            </nav>
          </div>
        </div>
      </header>
    </div>
  </body>,
  "container": <div>
    <header
      class="container"
    >
      <div
        class="contentContainer"
      >
        <div
          class="titleContainer"
        />
        <div
          class="container menu"
        >
          <button
            aria-label="Menu"
            class="button"
            type="button"
          >
            <i
              class="ri-menu-line icon buttonIcon activeIcon"
            />
            <i
              class="ri-close-line icon buttonIcon closeIcon"
            />
          </button>
          <nav
            class="links"
          >
            <a
              data-testid="About me"
              href="#bio"
            >
              <h2
                class="common titleSmall"
              >
                About me
              </h2>
            </a>
            <a
              data-testid="Skills"
              href="#skills"
            >
              <h2
                class="common titleSmall"
              >
                Skills
              </h2>
            </a>
            <a
              data-testid="Career"
              href="#career"
            >
              <h2
                class="common titleSmall"
              >
                Career
              </h2>
            </a>
          </nav>
        </div>
      </div>
    </header>
  </div>,
  "debug": [Function],
  "findAllByAltText": [Function],
  "findAllByDisplayValue": [Function],
  "findAllByLabelText": [Function],
  "findAllByPlaceholderText": [Function],
  "findAllByRole": [Function],
  "findAllByTestId": [Function],
  "findAllByText": [Function],
  "findAllByTitle": [Function],
  "findByAltText": [Function],
  "findByDisplayValue": [Function],
  "findByLabelText": [Function],
  "findByPlaceholderText": [Function],
  "findByRole": [Function],
  "findByTestId": [Function],
  "findByText": [Function],
  "findByTitle": [Function],
  "getAllByAltText": [Function],
  "getAllByDisplayValue": [Function],
  "getAllByLabelText": [Function],
  "getAllByPlaceholderText": [Function],
  "getAllByRole": [Function],
  "getAllByTestId": [Function],
  "getAllByText": [Function],
  "getAllByTitle": [Function],
  "getByAltText": [Function],
  "getByDisplayValue": [Function],
  "getByLabelText": [Function],
  "getByPlaceholderText": [Function],
  "getByRole": [Function],
  "getByTestId": [Function],
  "getByText": [Function],
  "getByTitle": [Function],
  "queryAllByAltText": [Function],
  "queryAllByDisplayValue": [Function],
  "queryAllByLabelText": [Function],
  "queryAllByPlaceholderText": [Function],
  "queryAllByRole": [Function],
  "queryAllByTestId": [Function],
  "queryAllByText": [Function],
  "queryAllByTitle": [Function],
  "queryByAltText": [Function],
  "queryByDisplayValue": [Function],
  "queryByLabelText": [Function],
  "queryByPlaceholderText": [Function],
  "queryByRole": [Function],
  "queryByTestId": [Function],
  "queryByText": [Function],
  "queryByTitle": [Function],
  "rerender": [Function],
  "unmount": [Function],
}
`;
